........................................................................ [  5%]
........................................................................ [ 10%]
........................................................................ [ 15%]
........................................................................ [ 20%]
........................................................................ [ 25%]
........................................................................ [ 31%]
........................................................................ [ 36%]
........................................................................ [ 41%]
........................................................................ [ 46%]
........................................................................ [ 51%]
........................................................................ [ 57%]
........................................................................ [ 62%]
........................................................................ [ 67%]
........................................................................ [ 72%]
........................................................................ [ 77%]
........................................................................ [ 83%]
........................................................................ [ 88%]
........................................................................ [ 93%]
........................................................................ [ 98%]
...................                                                      [100%]
=============================== warnings summary ===============================
tests/dropin/collision_robot_scene/test_collision_robot_scene.py:90
  /Users/family/Documents/CodingProjects/curobo-metal/tests/dropin/collision_robot_scene/test_collision_robot_scene.py:90: SyntaxWarning: invalid escape sequence '\['
    with pytest.raises(ValueError, match="\[batch, horizon, dof\]"):

-- Docs: https://docs.pytest.org/en/stable/how-to/capture-warnings.html
1387 passed, 1 warning in 88.86s (0:01:28)
