................................                                         [100%]
32 passed in 50.51s
.FFFF..FFFF..                                                            [100%]
=================================== FAILURES ===================================
______________ TestMotionRetargeterIK.test_solve_frame_first_call ______________

self = <tests._src.motion.test_motion_retargeter.TestMotionRetargeterIK object at 0x11ba0cf50>
retargeter_ik = <curobo._src.motion.motion_retargeter.MotionRetargeter object at 0x1081857f0>

    def test_solve_frame_first_call(self, retargeter_ik):
        """First call should use global IK and return a result."""
        retargeter_ik.reset()
        seq = _make_sequence(1, 1, len(TOOL_FRAMES), 'mps:0')
        tp = seq.get_frame(0)
>       result = retargeter_ik.solve_frame(tp)
                 ^^^^^^^^^^^^^^^^^^^^^^^^^^^^^

tests/_src/motion/test_motion_retargeter.py:81: 
_ _ _ _ _ _ _ _ _ _ _ _ _ _ _ _ _ _ _ _ _ _ _ _ _ _ _ _ _ _ _ _ _ _ _ _ _ _ _ _ 
/tmp/curobo-release-gauntlet/lib/python3.13/site-packages/curobo/_src/motion/motion_retargeter.py:219: in solve_frame
    return self._solve_global_ik(goal_tool_poses)
           ^^^^^^^^^^^^^^^^^^^^^^^^^^^^^^^^^^^^^^
/tmp/curobo-release-gauntlet/lib/python3.13/site-packages/curobo/_src/motion/motion_retargeter.py:251: in _solve_global_ik
    result = self._global_ik_solver.solve_pose(goal_tool_poses, return_seeds=1)
             ^^^^^^^^^^^^^^^^^^^^^^^^^^^^^^^^^^^^^^^^^^^^^^^^^^^^^^^^^^^^^^^^^^
/tmp/curobo-release-gauntlet/lib/python3.13/site-packages/curobo/_src/solver/solver_ik.py:955: in solve_pose
    result = self._solve_impl(
/tmp/curobo-release-gauntlet/lib/python3.13/site-packages/curobo/_src/solver/solver_ik.py:881: in _solve_impl
    return self._solve_pose_portable(
/tmp/curobo-release-gauntlet/lib/python3.13/site-packages/curobo/_src/solver/solver_ik.py:827: in _solve_pose_portable
    success, solution, self._kinematics.get_full_js(JointState(solution, joint_names=self.joint_names)),
                       ^^^^^^^^^^^^^^^^^^^^^^^^^^^^^^^^^^^^^^^^^^^^^^^^^^^^^^^^^^^^^^^^^^^^^^^^^^^^^^^^
/tmp/curobo-release-gauntlet/lib/python3.13/site-packages/curobo/_src/robot/kinematics/kinematics.py:362: in get_full_js
    locked = self.lock_jointstate
             ^^^^^^^^^^^^^^^^^^^^
/tmp/curobo-release-gauntlet/lib/python3.13/site-packages/curobo/_src/robot/kinematics/kinematics.py:343: in lock_jointstate
    return self.config.kinematics_config.lock_jointstate
           ^^^^^^^^^^^^^^^^^^^^^^^^^^^^^^^^^^^^^^^^^^^^^
_ _ _ _ _ _ _ _ _ _ _ _ _ _ _ _ _ _ _ _ _ _ _ _ _ _ _ _ _ _ _ _ _ _ _ _ _ _ _ _ 

self = _KinematicsParamsPortable(robot_cfg=RobotCfg(name='g1_29dof_rev_1_0', base_link='base_link', tool_frames=['pelvis', 't...03,  1.2931e-02,  1.9613e-02],
         [-5.5443e-03,  6.0438e-04,  4.4494e-02,  1.7936e-02]]],
       device='mps:0'))

    @property
    def lock_jointstate(self) -> JointState:
        locked = self.robot_cfg.metadata.get("lock_joints", {})
        return JointState.from_position(
>           self.robot_cfg.device_cfg.to_device(list(locked.values())),
                                                     ^^^^^^^^^^^^^
            joint_names=list(locked),
        )
E       AttributeError: 'NoneType' object has no attribute 'values'

/tmp/curobo-release-gauntlet/lib/python3.13/site-packages/curobo/_src/robot/types/kinematics_params.py:544: AttributeError
___________ TestMotionRetargeterIK.test_solve_frame_subsequent_call ____________

self = <tests._src.motion.test_motion_retargeter.TestMotionRetargeterIK object at 0x11b8c9cd0>
retargeter_ik = <curobo._src.motion.motion_retargeter.MotionRetargeter object at 0x1081857f0>

    def test_solve_frame_subsequent_call(self, retargeter_ik):
        """Second call should use local IK (warm-started)."""
        retargeter_ik.reset()
        seq = _make_sequence(2, 1, len(TOOL_FRAMES), 'mps:0')
>       retargeter_ik.solve_frame(seq.get_frame(0))

tests/_src/motion/test_motion_retargeter.py:90: 
_ _ _ _ _ _ _ _ _ _ _ _ _ _ _ _ _ _ _ _ _ _ _ _ _ _ _ _ _ _ _ _ _ _ _ _ _ _ _ _ 
/tmp/curobo-release-gauntlet/lib/python3.13/site-packages/curobo/_src/motion/motion_retargeter.py:219: in solve_frame
    return self._solve_global_ik(goal_tool_poses)
           ^^^^^^^^^^^^^^^^^^^^^^^^^^^^^^^^^^^^^^
/tmp/curobo-release-gauntlet/lib/python3.13/site-packages/curobo/_src/motion/motion_retargeter.py:251: in _solve_global_ik
    result = self._global_ik_solver.solve_pose(goal_tool_poses, return_seeds=1)
             ^^^^^^^^^^^^^^^^^^^^^^^^^^^^^^^^^^^^^^^^^^^^^^^^^^^^^^^^^^^^^^^^^^
/tmp/curobo-release-gauntlet/lib/python3.13/site-packages/curobo/_src/solver/solver_ik.py:955: in solve_pose
    result = self._solve_impl(
/tmp/curobo-release-gauntlet/lib/python3.13/site-packages/curobo/_src/solver/solver_ik.py:881: in _solve_impl
    return self._solve_pose_portable(
/tmp/curobo-release-gauntlet/lib/python3.13/site-packages/curobo/_src/solver/solver_ik.py:827: in _solve_pose_portable
    success, solution, self._kinematics.get_full_js(JointState(solution, joint_names=self.joint_names)),
                       ^^^^^^^^^^^^^^^^^^^^^^^^^^^^^^^^^^^^^^^^^^^^^^^^^^^^^^^^^^^^^^^^^^^^^^^^^^^^^^^^
/tmp/curobo-release-gauntlet/lib/python3.13/site-packages/curobo/_src/robot/kinematics/kinematics.py:362: in get_full_js
    locked = self.lock_jointstate
             ^^^^^^^^^^^^^^^^^^^^
/tmp/curobo-release-gauntlet/lib/python3.13/site-packages/curobo/_src/robot/kinematics/kinematics.py:343: in lock_jointstate
    return self.config.kinematics_config.lock_jointstate
           ^^^^^^^^^^^^^^^^^^^^^^^^^^^^^^^^^^^^^^^^^^^^^
_ _ _ _ _ _ _ _ _ _ _ _ _ _ _ _ _ _ _ _ _ _ _ _ _ _ _ _ _ _ _ _ _ _ _ _ _ _ _ _ 

self = _KinematicsParamsPortable(robot_cfg=RobotCfg(name='g1_29dof_rev_1_0', base_link='base_link', tool_frames=['pelvis', 't...03,  1.2931e-02,  1.9613e-02],
         [-5.5443e-03,  6.0438e-04,  4.4494e-02,  1.7936e-02]]],
       device='mps:0'))

    @property
    def lock_jointstate(self) -> JointState:
        locked = self.robot_cfg.metadata.get("lock_joints", {})
        return JointState.from_position(
>           self.robot_cfg.device_cfg.to_device(list(locked.values())),
                                                     ^^^^^^^^^^^^^
            joint_names=list(locked),
        )
E       AttributeError: 'NoneType' object has no attribute 'values'

/tmp/curobo-release-gauntlet/lib/python3.13/site-packages/curobo/_src/robot/types/kinematics_params.py:544: AttributeError
__________________ TestMotionRetargeterIK.test_solve_sequence __________________

self = <tests._src.motion.test_motion_retargeter.TestMotionRetargeterIK object at 0x11b8c9f30>
retargeter_ik = <curobo._src.motion.motion_retargeter.MotionRetargeter object at 0x1081857f0>

    def test_solve_sequence(self, retargeter_ik):
        num_frames = 5
        seq = _make_sequence(num_frames, 1, len(TOOL_FRAMES), 'mps:0')
>       result = retargeter_ik.solve_sequence(seq)
                 ^^^^^^^^^^^^^^^^^^^^^^^^^^^^^^^^^

tests/_src/motion/test_motion_retargeter.py:98: 
_ _ _ _ _ _ _ _ _ _ _ _ _ _ _ _ _ _ _ _ _ _ _ _ _ _ _ _ _ _ _ _ _ _ _ _ _ _ _ _ 
/tmp/curobo-release-gauntlet/lib/python3.13/site-packages/curobo/_src/motion/motion_retargeter.py:237: in solve_sequence
    result = self.solve_frame(tool_poses.get_frame(index))
             ^^^^^^^^^^^^^^^^^^^^^^^^^^^^^^^^^^^^^^^^^^^^^
/tmp/curobo-release-gauntlet/lib/python3.13/site-packages/curobo/_src/motion/motion_retargeter.py:219: in solve_frame
    return self._solve_global_ik(goal_tool_poses)
           ^^^^^^^^^^^^^^^^^^^^^^^^^^^^^^^^^^^^^^
/tmp/curobo-release-gauntlet/lib/python3.13/site-packages/curobo/_src/motion/motion_retargeter.py:251: in _solve_global_ik
    result = self._global_ik_solver.solve_pose(goal_tool_poses, return_seeds=1)
             ^^^^^^^^^^^^^^^^^^^^^^^^^^^^^^^^^^^^^^^^^^^^^^^^^^^^^^^^^^^^^^^^^^
/tmp/curobo-release-gauntlet/lib/python3.13/site-packages/curobo/_src/solver/solver_ik.py:955: in solve_pose
    result = self._solve_impl(
/tmp/curobo-release-gauntlet/lib/python3.13/site-packages/curobo/_src/solver/solver_ik.py:881: in _solve_impl
    return self._solve_pose_portable(
/tmp/curobo-release-gauntlet/lib/python3.13/site-packages/curobo/_src/solver/solver_ik.py:827: in _solve_pose_portable
    success, solution, self._kinematics.get_full_js(JointState(solution, joint_names=self.joint_names)),
                       ^^^^^^^^^^^^^^^^^^^^^^^^^^^^^^^^^^^^^^^^^^^^^^^^^^^^^^^^^^^^^^^^^^^^^^^^^^^^^^^^
/tmp/curobo-release-gauntlet/lib/python3.13/site-packages/curobo/_src/robot/kinematics/kinematics.py:362: in get_full_js
    locked = self.lock_jointstate
             ^^^^^^^^^^^^^^^^^^^^
/tmp/curobo-release-gauntlet/lib/python3.13/site-packages/curobo/_src/robot/kinematics/kinematics.py:343: in lock_jointstate
    return self.config.kinematics_config.lock_jointstate
           ^^^^^^^^^^^^^^^^^^^^^^^^^^^^^^^^^^^^^^^^^^^^^
_ _ _ _ _ _ _ _ _ _ _ _ _ _ _ _ _ _ _ _ _ _ _ _ _ _ _ _ _ _ _ _ _ _ _ _ _ _ _ _ 

self = _KinematicsParamsPortable(robot_cfg=RobotCfg(name='g1_29dof_rev_1_0', base_link='base_link', tool_frames=['pelvis', 't...03,  1.2931e-02,  1.9613e-02],
         [-5.5443e-03,  6.0438e-04,  4.4494e-02,  1.7936e-02]]],
       device='mps:0'))

    @property
    def lock_jointstate(self) -> JointState:
        locked = self.robot_cfg.metadata.get("lock_joints", {})
        return JointState.from_position(
>           self.robot_cfg.device_cfg.to_device(list(locked.values())),
                                                     ^^^^^^^^^^^^^
            joint_names=list(locked),
        )
E       AttributeError: 'NoneType' object has no attribute 'values'

/tmp/curobo-release-gauntlet/lib/python3.13/site-packages/curobo/_src/robot/types/kinematics_params.py:544: AttributeError
___________ TestMotionRetargeterIK.test_solve_sequence_resets_state ____________

self = <tests._src.motion.test_motion_retargeter.TestMotionRetargeterIK object at 0x11b873410>
retargeter_ik = <curobo._src.motion.motion_retargeter.MotionRetargeter object at 0x1081857f0>

    def test_solve_sequence_resets_state(self, retargeter_ik):
        """solve_sequence should call reset internally so each call starts fresh."""
        seq = _make_sequence(3, 1, len(TOOL_FRAMES), 'mps:0')
>       retargeter_ik.solve_sequence(seq)

tests/_src/motion/test_motion_retargeter.py:105: 
_ _ _ _ _ _ _ _ _ _ _ _ _ _ _ _ _ _ _ _ _ _ _ _ _ _ _ _ _ _ _ _ _ _ _ _ _ _ _ _ 
/tmp/curobo-release-gauntlet/lib/python3.13/site-packages/curobo/_src/motion/motion_retargeter.py:237: in solve_sequence
    result = self.solve_frame(tool_poses.get_frame(index))
             ^^^^^^^^^^^^^^^^^^^^^^^^^^^^^^^^^^^^^^^^^^^^^
/tmp/curobo-release-gauntlet/lib/python3.13/site-packages/curobo/_src/motion/motion_retargeter.py:219: in solve_frame
    return self._solve_global_ik(goal_tool_poses)
           ^^^^^^^^^^^^^^^^^^^^^^^^^^^^^^^^^^^^^^
/tmp/curobo-release-gauntlet/lib/python3.13/site-packages/curobo/_src/motion/motion_retargeter.py:251: in _solve_global_ik
    result = self._global_ik_solver.solve_pose(goal_tool_poses, return_seeds=1)
             ^^^^^^^^^^^^^^^^^^^^^^^^^^^^^^^^^^^^^^^^^^^^^^^^^^^^^^^^^^^^^^^^^^
/tmp/curobo-release-gauntlet/lib/python3.13/site-packages/curobo/_src/solver/solver_ik.py:955: in solve_pose
    result = self._solve_impl(
/tmp/curobo-release-gauntlet/lib/python3.13/site-packages/curobo/_src/solver/solver_ik.py:881: in _solve_impl
    return self._solve_pose_portable(
/tmp/curobo-release-gauntlet/lib/python3.13/site-packages/curobo/_src/solver/solver_ik.py:827: in _solve_pose_portable
    success, solution, self._kinematics.get_full_js(JointState(solution, joint_names=self.joint_names)),
                       ^^^^^^^^^^^^^^^^^^^^^^^^^^^^^^^^^^^^^^^^^^^^^^^^^^^^^^^^^^^^^^^^^^^^^^^^^^^^^^^^
/tmp/curobo-release-gauntlet/lib/python3.13/site-packages/curobo/_src/robot/kinematics/kinematics.py:362: in get_full_js
    locked = self.lock_jointstate
             ^^^^^^^^^^^^^^^^^^^^
/tmp/curobo-release-gauntlet/lib/python3.13/site-packages/curobo/_src/robot/kinematics/kinematics.py:343: in lock_jointstate
    return self.config.kinematics_config.lock_jointstate
           ^^^^^^^^^^^^^^^^^^^^^^^^^^^^^^^^^^^^^^^^^^^^^
_ _ _ _ _ _ _ _ _ _ _ _ _ _ _ _ _ _ _ _ _ _ _ _ _ _ _ _ _ _ _ _ _ _ _ _ _ _ _ _ 

self = _KinematicsParamsPortable(robot_cfg=RobotCfg(name='g1_29dof_rev_1_0', base_link='base_link', tool_frames=['pelvis', 't...03,  1.2931e-02,  1.9613e-02],
         [-5.5443e-03,  6.0438e-04,  4.4494e-02,  1.7936e-02]]],
       device='mps:0'))

    @property
    def lock_jointstate(self) -> JointState:
        locked = self.robot_cfg.metadata.get("lock_joints", {})
        return JointState.from_position(
>           self.robot_cfg.device_cfg.to_device(list(locked.values())),
                                                     ^^^^^^^^^^^^^
            joint_names=list(locked),
        )
E       AttributeError: 'NoneType' object has no attribute 'values'

/tmp/curobo-release-gauntlet/lib/python3.13/site-packages/curobo/_src/robot/types/kinematics_params.py:544: AttributeError
________________ TestMotionRetargeterIK.test_reset_clears_state ________________

self = <tests._src.motion.test_motion_retargeter.TestMotionRetargeterIK object at 0x11ba44750>
retargeter_ik = <curobo._src.motion.motion_retargeter.MotionRetargeter object at 0x1081857f0>

    def test_reset_clears_state(self, retargeter_ik):
        """After reset, next solve_frame should use global IK again."""
        seq = _make_sequence(2, 1, len(TOOL_FRAMES), 'mps:0')
        retargeter_ik.reset()
>       retargeter_ik.solve_frame(seq.get_frame(0))

tests/_src/motion/test_motion_retargeter.py:127: 
_ _ _ _ _ _ _ _ _ _ _ _ _ _ _ _ _ _ _ _ _ _ _ _ _ _ _ _ _ _ _ _ _ _ _ _ _ _ _ _ 
/tmp/curobo-release-gauntlet/lib/python3.13/site-packages/curobo/_src/motion/motion_retargeter.py:219: in solve_frame
    return self._solve_global_ik(goal_tool_poses)
           ^^^^^^^^^^^^^^^^^^^^^^^^^^^^^^^^^^^^^^
/tmp/curobo-release-gauntlet/lib/python3.13/site-packages/curobo/_src/motion/motion_retargeter.py:251: in _solve_global_ik
    result = self._global_ik_solver.solve_pose(goal_tool_poses, return_seeds=1)
             ^^^^^^^^^^^^^^^^^^^^^^^^^^^^^^^^^^^^^^^^^^^^^^^^^^^^^^^^^^^^^^^^^^
/tmp/curobo-release-gauntlet/lib/python3.13/site-packages/curobo/_src/solver/solver_ik.py:955: in solve_pose
    result = self._solve_impl(
/tmp/curobo-release-gauntlet/lib/python3.13/site-packages/curobo/_src/solver/solver_ik.py:881: in _solve_impl
    return self._solve_pose_portable(
/tmp/curobo-release-gauntlet/lib/python3.13/site-packages/curobo/_src/solver/solver_ik.py:827: in _solve_pose_portable
    success, solution, self._kinematics.get_full_js(JointState(solution, joint_names=self.joint_names)),
                       ^^^^^^^^^^^^^^^^^^^^^^^^^^^^^^^^^^^^^^^^^^^^^^^^^^^^^^^^^^^^^^^^^^^^^^^^^^^^^^^^
/tmp/curobo-release-gauntlet/lib/python3.13/site-packages/curobo/_src/robot/kinematics/kinematics.py:362: in get_full_js
    locked = self.lock_jointstate
             ^^^^^^^^^^^^^^^^^^^^
/tmp/curobo-release-gauntlet/lib/python3.13/site-packages/curobo/_src/robot/kinematics/kinematics.py:343: in lock_jointstate
    return self.config.kinematics_config.lock_jointstate
           ^^^^^^^^^^^^^^^^^^^^^^^^^^^^^^^^^^^^^^^^^^^^^
_ _ _ _ _ _ _ _ _ _ _ _ _ _ _ _ _ _ _ _ _ _ _ _ _ _ _ _ _ _ _ _ _ _ _ _ _ _ _ _ 

self = _KinematicsParamsPortable(robot_cfg=RobotCfg(name='g1_29dof_rev_1_0', base_link='base_link', tool_frames=['pelvis', 't...03,  1.2931e-02,  1.9613e-02],
         [-5.5443e-03,  6.0438e-04,  4.4494e-02,  1.7936e-02]]],
       device='mps:0'))

    @property
    def lock_jointstate(self) -> JointState:
        locked = self.robot_cfg.metadata.get("lock_joints", {})
        return JointState.from_position(
>           self.robot_cfg.device_cfg.to_device(list(locked.values())),
                                                     ^^^^^^^^^^^^^
            joint_names=list(locked),
        )
E       AttributeError: 'NoneType' object has no attribute 'values'

/tmp/curobo-release-gauntlet/lib/python3.13/site-packages/curobo/_src/robot/types/kinematics_params.py:544: AttributeError
___________ TestMotionRetargeterMPC.test_solve_frame_mpc_first_frame ___________

self = <tests._src.motion.test_motion_retargeter.TestMotionRetargeterMPC object at 0x11ba0ce10>
retargeter_mpc = <curobo._src.motion.motion_retargeter.MotionRetargeter object at 0x11bafb4d0>

    def test_solve_frame_mpc_first_frame(self, retargeter_mpc):
        """First frame should still use global IK even in MPC mode."""
        retargeter_mpc.reset()
        seq = _make_sequence(1, 1, len(TOOL_FRAMES), 'mps:0')
>       result = retargeter_mpc.solve_frame(seq.get_frame(0))
                 ^^^^^^^^^^^^^^^^^^^^^^^^^^^^^^^^^^^^^^^^^^^^

tests/_src/motion/test_motion_retargeter.py:152: 
_ _ _ _ _ _ _ _ _ _ _ _ _ _ _ _ _ _ _ _ _ _ _ _ _ _ _ _ _ _ _ _ _ _ _ _ _ _ _ _ 
/tmp/curobo-release-gauntlet/lib/python3.13/site-packages/curobo/_src/motion/motion_retargeter.py:219: in solve_frame
    return self._solve_global_ik(goal_tool_poses)
           ^^^^^^^^^^^^^^^^^^^^^^^^^^^^^^^^^^^^^^
/tmp/curobo-release-gauntlet/lib/python3.13/site-packages/curobo/_src/motion/motion_retargeter.py:251: in _solve_global_ik
    result = self._global_ik_solver.solve_pose(goal_tool_poses, return_seeds=1)
             ^^^^^^^^^^^^^^^^^^^^^^^^^^^^^^^^^^^^^^^^^^^^^^^^^^^^^^^^^^^^^^^^^^
/tmp/curobo-release-gauntlet/lib/python3.13/site-packages/curobo/_src/solver/solver_ik.py:955: in solve_pose
    result = self._solve_impl(
/tmp/curobo-release-gauntlet/lib/python3.13/site-packages/curobo/_src/solver/solver_ik.py:881: in _solve_impl
    return self._solve_pose_portable(
/tmp/curobo-release-gauntlet/lib/python3.13/site-packages/curobo/_src/solver/solver_ik.py:827: in _solve_pose_portable
    success, solution, self._kinematics.get_full_js(JointState(solution, joint_names=self.joint_names)),
                       ^^^^^^^^^^^^^^^^^^^^^^^^^^^^^^^^^^^^^^^^^^^^^^^^^^^^^^^^^^^^^^^^^^^^^^^^^^^^^^^^
/tmp/curobo-release-gauntlet/lib/python3.13/site-packages/curobo/_src/robot/kinematics/kinematics.py:362: in get_full_js
    locked = self.lock_jointstate
             ^^^^^^^^^^^^^^^^^^^^
/tmp/curobo-release-gauntlet/lib/python3.13/site-packages/curobo/_src/robot/kinematics/kinematics.py:343: in lock_jointstate
    return self.config.kinematics_config.lock_jointstate
           ^^^^^^^^^^^^^^^^^^^^^^^^^^^^^^^^^^^^^^^^^^^^^
_ _ _ _ _ _ _ _ _ _ _ _ _ _ _ _ _ _ _ _ _ _ _ _ _ _ _ _ _ _ _ _ _ _ _ _ _ _ _ _ 

self = _KinematicsParamsPortable(robot_cfg=RobotCfg(name='g1_29dof_rev_1_0', base_link='base_link', tool_frames=['pelvis', 't...03,  1.2931e-02,  1.9613e-02],
         [-5.5443e-03,  6.0438e-04,  4.4494e-02,  1.7936e-02]]],
       device='mps:0'))

    @property
    def lock_jointstate(self) -> JointState:
        locked = self.robot_cfg.metadata.get("lock_joints", {})
        return JointState.from_position(
>           self.robot_cfg.device_cfg.to_device(list(locked.values())),
                                                     ^^^^^^^^^^^^^
            joint_names=list(locked),
        )
E       AttributeError: 'NoneType' object has no attribute 'values'

/tmp/curobo-release-gauntlet/lib/python3.13/site-packages/curobo/_src/robot/types/kinematics_params.py:544: AttributeError
_______ TestMotionRetargeterMPC.test_solve_frame_mpc_returns_trajectory ________

self = <tests._src.motion.test_motion_retargeter.TestMotionRetargeterMPC object at 0x11ba0d090>
retargeter_mpc = <curobo._src.motion.motion_retargeter.MotionRetargeter object at 0x11bafb4d0>

    def test_solve_frame_mpc_returns_trajectory(self, retargeter_mpc):
        """MPC subsequent frames should return a trajectory."""
        retargeter_mpc.reset()
        seq = _make_sequence(2, 1, len(TOOL_FRAMES), 'mps:0')
>       retargeter_mpc.solve_frame(seq.get_frame(0))

tests/_src/motion/test_motion_retargeter.py:160: 
_ _ _ _ _ _ _ _ _ _ _ _ _ _ _ _ _ _ _ _ _ _ _ _ _ _ _ _ _ _ _ _ _ _ _ _ _ _ _ _ 
/tmp/curobo-release-gauntlet/lib/python3.13/site-packages/curobo/_src/motion/motion_retargeter.py:219: in solve_frame
    return self._solve_global_ik(goal_tool_poses)
           ^^^^^^^^^^^^^^^^^^^^^^^^^^^^^^^^^^^^^^
/tmp/curobo-release-gauntlet/lib/python3.13/site-packages/curobo/_src/motion/motion_retargeter.py:251: in _solve_global_ik
    result = self._global_ik_solver.solve_pose(goal_tool_poses, return_seeds=1)
             ^^^^^^^^^^^^^^^^^^^^^^^^^^^^^^^^^^^^^^^^^^^^^^^^^^^^^^^^^^^^^^^^^^
/tmp/curobo-release-gauntlet/lib/python3.13/site-packages/curobo/_src/solver/solver_ik.py:955: in solve_pose
    result = self._solve_impl(
/tmp/curobo-release-gauntlet/lib/python3.13/site-packages/curobo/_src/solver/solver_ik.py:881: in _solve_impl
    return self._solve_pose_portable(
/tmp/curobo-release-gauntlet/lib/python3.13/site-packages/curobo/_src/solver/solver_ik.py:827: in _solve_pose_portable
    success, solution, self._kinematics.get_full_js(JointState(solution, joint_names=self.joint_names)),
                       ^^^^^^^^^^^^^^^^^^^^^^^^^^^^^^^^^^^^^^^^^^^^^^^^^^^^^^^^^^^^^^^^^^^^^^^^^^^^^^^^
/tmp/curobo-release-gauntlet/lib/python3.13/site-packages/curobo/_src/robot/kinematics/kinematics.py:362: in get_full_js
    locked = self.lock_jointstate
             ^^^^^^^^^^^^^^^^^^^^
/tmp/curobo-release-gauntlet/lib/python3.13/site-packages/curobo/_src/robot/kinematics/kinematics.py:343: in lock_jointstate
    return self.config.kinematics_config.lock_jointstate
           ^^^^^^^^^^^^^^^^^^^^^^^^^^^^^^^^^^^^^^^^^^^^^
_ _ _ _ _ _ _ _ _ _ _ _ _ _ _ _ _ _ _ _ _ _ _ _ _ _ _ _ _ _ _ _ _ _ _ _ _ _ _ _ 

self = _KinematicsParamsPortable(robot_cfg=RobotCfg(name='g1_29dof_rev_1_0', base_link='base_link', tool_frames=['pelvis', 't...03,  1.2931e-02,  1.9613e-02],
         [-5.5443e-03,  6.0438e-04,  4.4494e-02,  1.7936e-02]]],
       device='mps:0'))

    @property
    def lock_jointstate(self) -> JointState:
        locked = self.robot_cfg.metadata.get("lock_joints", {})
        return JointState.from_position(
>           self.robot_cfg.device_cfg.to_device(list(locked.values())),
                                                     ^^^^^^^^^^^^^
            joint_names=list(locked),
        )
E       AttributeError: 'NoneType' object has no attribute 'values'

/tmp/curobo-release-gauntlet/lib/python3.13/site-packages/curobo/_src/robot/types/kinematics_params.py:544: AttributeError
_______________ TestMotionRetargeterMPC.test_solve_sequence_mpc ________________

self = <tests._src.motion.test_motion_retargeter.TestMotionRetargeterMPC object at 0x11b8c9e00>
retargeter_mpc = <curobo._src.motion.motion_retargeter.MotionRetargeter object at 0x11bafb4d0>

    def test_solve_sequence_mpc(self, retargeter_mpc):
        num_frames = 4
        seq = _make_sequence(num_frames, 1, len(TOOL_FRAMES), 'mps:0')
>       result = retargeter_mpc.solve_sequence(seq)
                 ^^^^^^^^^^^^^^^^^^^^^^^^^^^^^^^^^^

tests/_src/motion/test_motion_retargeter.py:169: 
_ _ _ _ _ _ _ _ _ _ _ _ _ _ _ _ _ _ _ _ _ _ _ _ _ _ _ _ _ _ _ _ _ _ _ _ _ _ _ _ 
/tmp/curobo-release-gauntlet/lib/python3.13/site-packages/curobo/_src/motion/motion_retargeter.py:237: in solve_sequence
    result = self.solve_frame(tool_poses.get_frame(index))
             ^^^^^^^^^^^^^^^^^^^^^^^^^^^^^^^^^^^^^^^^^^^^^
/tmp/curobo-release-gauntlet/lib/python3.13/site-packages/curobo/_src/motion/motion_retargeter.py:219: in solve_frame
    return self._solve_global_ik(goal_tool_poses)
           ^^^^^^^^^^^^^^^^^^^^^^^^^^^^^^^^^^^^^^
/tmp/curobo-release-gauntlet/lib/python3.13/site-packages/curobo/_src/motion/motion_retargeter.py:251: in _solve_global_ik
    result = self._global_ik_solver.solve_pose(goal_tool_poses, return_seeds=1)
             ^^^^^^^^^^^^^^^^^^^^^^^^^^^^^^^^^^^^^^^^^^^^^^^^^^^^^^^^^^^^^^^^^^
/tmp/curobo-release-gauntlet/lib/python3.13/site-packages/curobo/_src/solver/solver_ik.py:955: in solve_pose
    result = self._solve_impl(
/tmp/curobo-release-gauntlet/lib/python3.13/site-packages/curobo/_src/solver/solver_ik.py:881: in _solve_impl
    return self._solve_pose_portable(
/tmp/curobo-release-gauntlet/lib/python3.13/site-packages/curobo/_src/solver/solver_ik.py:827: in _solve_pose_portable
    success, solution, self._kinematics.get_full_js(JointState(solution, joint_names=self.joint_names)),
                       ^^^^^^^^^^^^^^^^^^^^^^^^^^^^^^^^^^^^^^^^^^^^^^^^^^^^^^^^^^^^^^^^^^^^^^^^^^^^^^^^
/tmp/curobo-release-gauntlet/lib/python3.13/site-packages/curobo/_src/robot/kinematics/kinematics.py:362: in get_full_js
    locked = self.lock_jointstate
             ^^^^^^^^^^^^^^^^^^^^
/tmp/curobo-release-gauntlet/lib/python3.13/site-packages/curobo/_src/robot/kinematics/kinematics.py:343: in lock_jointstate
    return self.config.kinematics_config.lock_jointstate
           ^^^^^^^^^^^^^^^^^^^^^^^^^^^^^^^^^^^^^^^^^^^^^
_ _ _ _ _ _ _ _ _ _ _ _ _ _ _ _ _ _ _ _ _ _ _ _ _ _ _ _ _ _ _ _ _ _ _ _ _ _ _ _ 

self = _KinematicsParamsPortable(robot_cfg=RobotCfg(name='g1_29dof_rev_1_0', base_link='base_link', tool_frames=['pelvis', 't...03,  1.2931e-02,  1.9613e-02],
         [-5.5443e-03,  6.0438e-04,  4.4494e-02,  1.7936e-02]]],
       device='mps:0'))

    @property
    def lock_jointstate(self) -> JointState:
        locked = self.robot_cfg.metadata.get("lock_joints", {})
        return JointState.from_position(
>           self.robot_cfg.device_cfg.to_device(list(locked.values())),
                                                     ^^^^^^^^^^^^^
            joint_names=list(locked),
        )
E       AttributeError: 'NoneType' object has no attribute 'values'

/tmp/curobo-release-gauntlet/lib/python3.13/site-packages/curobo/_src/robot/types/kinematics_params.py:544: AttributeError
=============================== warnings summary ===============================
tests/_src/motion/test_motion_retargeter.py::TestMotionRetargeterMPC::test_solve_frame_mpc_first_frame
  /tmp/curobo-release-gauntlet/lib/python3.13/site-packages/_pytest/fixtures.py:1313: PytestRemovedIn10Warning: Class-scoped fixture defined as instance method is deprecated.
  Instance attributes set in this fixture will NOT be visible to test methods,
  as each test gets a new instance while the fixture runs only once per class.
  Use @classmethod decorator and set attributes on cls instead.
  See https://docs.pytest.org/en/stable/deprecations.html#class-scoped-fixture-as-instance-method
    fixturefunc = resolve_fixture_function(fixturedef, request)

-- Docs: https://docs.pytest.org/en/stable/how-to/capture-warnings.html
=========================== short test summary info ============================
FAILED tests/_src/motion/test_motion_retargeter.py::TestMotionRetargeterIK::test_solve_frame_first_call
FAILED tests/_src/motion/test_motion_retargeter.py::TestMotionRetargeterIK::test_solve_frame_subsequent_call
FAILED tests/_src/motion/test_motion_retargeter.py::TestMotionRetargeterIK::test_solve_sequence
FAILED tests/_src/motion/test_motion_retargeter.py::TestMotionRetargeterIK::test_solve_sequence_resets_state
FAILED tests/_src/motion/test_motion_retargeter.py::TestMotionRetargeterIK::test_reset_clears_state
FAILED tests/_src/motion/test_motion_retargeter.py::TestMotionRetargeterMPC::test_solve_frame_mpc_first_frame
FAILED tests/_src/motion/test_motion_retargeter.py::TestMotionRetargeterMPC::test_solve_frame_mpc_returns_trajectory
FAILED tests/_src/motion/test_motion_retargeter.py::TestMotionRetargeterMPC::test_solve_sequence_mpc
8 failed, 5 passed, 1 warning in 116.43s (0:01:56)
{
  "areas": {
    "motion": {
      "cases": 13,
      "excluded_raw_failures": 0,
      "parity": {
        "portable_executed": 13
      },
      "portable_failed": 8,
      "portable_passed": 5,
      "pytest": {
        "failed": 8,
        "passed": 5
      }
    },
    "solver": {
      "cases": 32,
      "excluded_raw_failures": 0,
      "parity": {
        "portable_executed": 32
      },
      "portable_failed": 0,
      "portable_passed": 32,
      "pytest": {
        "passed": 32
      }
    }
  },
  "cases": 45,
  "covered_test_modules": 2,
  "excluded_raw_failures": 0,
  "implementation_parity_complete": false,
  "missing_test_modules": [
    "curobo.tests._src.collision.test_collision_robot_scene",
    "curobo.tests._src.collision.test_mesh_collision_sdf",
    "curobo.tests._src.cost.test_cost_base",
    "curobo.tests._src.cost.test_cost_cspace",
    "curobo.tests._src.cost.test_cost_scene_collision",
    "curobo.tests._src.cost.test_cost_self_collision",
    "curobo.tests._src.cost.test_cost_support_polygon",
    "curobo.tests._src.cost.test_cost_tool_pose",
    "curobo.tests._src.geom.sdf.test_voxel_collision",
    "curobo.tests._src.geom.test_pose",
    "curobo.tests._src.geom.test_quaternion",
    "curobo.tests._src.geom.test_transform",
    "curobo.tests._src.graph_planner.test_constructor",
    "curobo.tests._src.graph_planner.test_graph_planner_batch_seed",
    "curobo.tests._src.graph_planner.test_graph_planner_prm",
    "curobo.tests._src.graph_planner.test_node_sampling_strategy",
    "curobo.tests._src.motion.test_motion_planner",
    "curobo.tests._src.motion.test_motion_planner_batch",
    "curobo.tests._src.motion.test_motion_planner_cfg",
    "curobo.tests._src.motion.test_motion_planner_esdf",
    "curobo.tests._src.motion.test_motion_planner_grasp_goalset",
    "curobo.tests._src.motion.test_motion_planner_num_envs",
    "curobo.tests._src.motion.test_motion_planner_result",
    "curobo.tests._src.motion.test_motion_planner_shared_kinematics",
    "curobo.tests._src.motion.test_motion_retargeter_lock_joints",
    "curobo.tests._src.optim.external.test_scipy_opt",
    "curobo.tests._src.optim.external.test_torch_opt",
    "curobo.tests._src.optim.gradient.test_conjugate_gradient",
    "curobo.tests._src.optim.gradient.test_lbfgs",
    "curobo.tests._src.optim.gradient.test_lsr1",
    "curobo.tests._src.optim.particle.sample_strategies.test_particle_sampler_cfg",
    "curobo.tests._src.optim.particle.sample_strategies.test_processor_knot",
    "curobo.tests._src.optim.particle.sample_strategies.test_processor_standard",
    "curobo.tests._src.optim.particle.sample_strategies.test_processor_stomp",
    "curobo.tests._src.optim.particle.test_mppi",
    "curobo.tests._src.optim.particle.test_parallel_optimizers",
    "curobo.tests._src.optim.test_multi_stage_optimizer",
    "curobo.tests._src.optim.test_optim_factory",
    "curobo.tests._src.optim.test_optimizer_cuda_graph",
    "curobo.tests._src.perception.mapper.test_block_checkpoint",
    "curobo.tests._src.perception.mapper.test_block_decay",
    "curobo.tests._src.perception.mapper.test_block_hash",
    "curobo.tests._src.perception.mapper.test_block_integrate",
    "curobo.tests._src.perception.mapper.test_block_marching_cubes",
    "curobo.tests._src.perception.mapper.test_builder",
    "curobo.tests._src.perception.mapper.test_comparison",
    "curobo.tests._src.perception.mapper.test_feature_grid",
    "curobo.tests._src.perception.mapper.test_feature_matching",
    "curobo.tests._src.perception.mapper.test_generated_observation_correctness",
    "curobo.tests._src.perception.mapper.test_integrator",
    "curobo.tests._src.perception.mapper.test_lidar_projection",
    "curobo.tests._src.perception.mapper.test_multi_camera",
    "curobo.tests._src.perception.mapper.test_renderer",
    "curobo.tests._src.perception.test_filter_depth",
    "curobo.tests._src.perception.test_mesh_robot",
    "curobo.tests._src.perception.test_sdf_cuda_graph",
    "curobo.tests._src.perception.test_sdf_pose_detector",
    "curobo.tests._src.perception.test_util",
    "curobo.tests._src.perception.test_wp_mesh_sdf_alignment",
    "curobo.tests._src.robot.kinematics.test_jacobian_gradcheck",
    "curobo.tests._src.robot.kinematics.test_kinematics_cfg",
    "curobo.tests._src.robot.kinematics.test_kinematics_extended",
    "curobo.tests._src.robot.kinematics.test_kinematics_multi_env_spheres",
    "curobo.tests._src.robot.kinematics.test_kinematics_reducer",
    "curobo.tests._src.robot.kinematics.test_kinematics_state",
    "curobo.tests._src.robot.types.test_joint_limits",
    "curobo.tests._src.robot.types.test_types",
    "curobo.tests._src.rollout.cost_manager.test_cost_manager_integration",
    "curobo.tests._src.rollout.cost_manager.test_cost_manager_robot",
    "curobo.tests._src.rollout.cost_manager.test_cost_manager_robot_cfg",
    "curobo.tests._src.rollout.cost_manager.test_multi_env_idxs_env",
    "curobo.tests._src.rollout.test_goal_registry",
    "curobo.tests._src.rollout.test_metrics",
    "curobo.tests._src.rollout.test_rollout_protocol",
    "curobo.tests._src.rollout.test_rollout_robot",
    "curobo.tests._src.rollout.test_rollout_robot_cfg",
    "curobo.tests._src.rollout.test_rollout_rosenbrock",
    "curobo.tests._src.solver.seed_ik.test_seed_ik_solver",
    "curobo.tests._src.solver.seed_ik.test_seed_ik_solver_cfg",
    "curobo.tests._src.solver.seed_ik.test_seed_ik_state",
    "curobo.tests._src.solver.seed_ik.test_seed_iteration_state_manager",
    "curobo.tests._src.solver.test_manager_goal",
    "curobo.tests._src.solver.test_manager_seed",
    "curobo.tests._src.solver.test_solver_base_cfg",
    "curobo.tests._src.solver.test_solver_base_result",
    "curobo.tests._src.solver.test_solver_ik_cfg",
    "curobo.tests._src.solver.test_solver_mpc",
    "curobo.tests._src.solver.test_solver_mpc_cfg",
    "curobo.tests._src.solver.test_solver_mpc_result",
    "curobo.tests._src.solver.test_solver_trajopt",
    "curobo.tests._src.solver.test_solver_trajopt_cfg",
    "curobo.tests._src.solver.test_solver_trajopt_result",
    "curobo.tests._src.state.test_state_robot_extended",
    "curobo.tests._src.transition.test_fns_state_transition",
    "curobo.tests._src.transition.test_robot_state_transition",
    "curobo.tests._src.transition.test_transition_error_handling",
    "curobo.tests._src.transition.test_transition_gradients",
    "curobo.tests._src.types.test_camera",
    "curobo.tests._src.types.test_device_cfg",
    "curobo.tests._src.types.test_pose",
    "curobo.tests._src.types.test_sequence_tool_pose",
    "curobo.tests._src.types.test_tool_pose",
    "curobo.tests._src.util.sampling.test_sample_buffer",
    "curobo.tests._src.util.test_cuda_graph_util",
    "curobo.tests._src.util.test_cuda_stream_util",
    "curobo.tests._src.util.test_state_filter",
    "curobo.tests._src.util.test_trajectory",
    "curobo.tests._src.util.test_trajectory_execution_manager",
    "curobo.tests._src.util.test_trajectory_seed_generator",
    "curobo.tests._src.util.test_viser_visualizer",
    "curobo.tests._src.util.test_warp",
    "curobo.tests.test_examples"
  ],
  "parity": {
    "portable_executed": 45
  },
  "portable_failed": 8,
  "portable_passed": 37,
  "pytest": {
    "failed": 8,
    "passed": 37
  },
  "substituted_test_modules": 114,
  "test_definition_complete": false
}
